#-----------------------------------------------------------
# Vivado v2024.2.1 (64-bit)
# SW Build 5266912 on Sun Dec 15 09:03:24 MST 2024
# IP Build 5264866 on Sun Dec 15 16:27:47 MST 2024
# SharedData Build 5264680 on Wed Dec 11 12:48:36 MST 2024
# Start of session at: Sun Jan 12 15:57:34 2025
# Process ID         : 6640
# Current directory  : D:/Documents/College Year 2/2110363 HW SYN LAB I/2110363-HW-SYN-LAB-I/Lab00
# Command line       : vivado.exe -gui_launcher_event rodinguilauncherevent3272 D:\Documents\College Year 2\2110363 HW SYN LAB I\2110363-HW-SYN-LAB-I\Lab00\Lab00.xpr
# Log file           : D:/Documents/College Year 2/2110363 HW SYN LAB I/2110363-HW-SYN-LAB-I/Lab00/vivado.log
# Journal file       : D:/Documents/College Year 2/2110363 HW SYN LAB I/2110363-HW-SYN-LAB-I/Lab00\vivado.jou
# Running On         : LAPTOP-NM75R4JE
# Platform           : Windows Server 2016 or Windows 10
# Operating System   : 19045
# Processor Detail   : Intel(R) Core(TM) i5-1035G1 CPU @ 1.00GHz
# CPU Frequency      : 1190 MHz
# CPU Physical cores : 4
# CPU Logical cores  : 8
# Host memory        : 8319 MB
# Swap memory        : 9663 MB
# Total Virtual      : 17983 MB
# Available Virtual  : 5730 MB
#-----------------------------------------------------------
start_gui
open_project {D:/Documents/College Year 2/2110363 HW SYN LAB I/2110363-HW-SYN-LAB-I/Lab00/Lab00.xpr}
update_compile_order -fileset sources_1
open_hw_manager
connect_hw_server -allow_non_jtag
open_hw_target
current_hw_device [get_hw_devices xc7a35t_0]
refresh_hw_device -update_hw_probes false [lindex [get_hw_devices xc7a35t_0] 0]
launch_runs synth_1 -jobs 4
wait_on_run synth_1
launch_runs impl_1 -jobs 4
wait_on_run impl_1
launch_runs impl_1 -to_step write_bitstream -jobs 4
wait_on_run impl_1
file mkdir D:/Documents/College Year 2/2110363 HW SYN LAB I/2110363-HW-SYN-LAB-I/Lab00/Lab00.srcs/constrs_1
add_files -fileset constrs_1 -norecurse E:/Vivado/digilent-xdc-master/Basys-3-Master.xdc
reset_run synth_1
launch_runs synth_1 -jobs 4
wait_on_run synth_1
launch_runs impl_1 -jobs 4
wait_on_run impl_1
launch_runs impl_1 -to_step write_bitstream -jobs 4
wait_on_run impl_1
set_property PROBES.FILE {} [get_hw_devices xc7a35t_0]
set_property FULL_PROBES.FILE {} [get_hw_devices xc7a35t_0]
set_property PROGRAM.FILE {D:/Documents/College Year 2/2110363 HW SYN LAB I/2110363-HW-SYN-LAB-I/Lab00/Lab00.runs/impl_1/blinky.bit} [get_hw_devices xc7a35t_0]
program_hw_devices [get_hw_devices xc7a35t_0]
refresh_hw_device [lindex [get_hw_devices xc7a35t_0] 0]
